// Jest Snapshot v1, https://goo.gl/fbAQLP

exports[`AnnouncementBanner should match snapshot 1`] = `
ShallowWrapper {
  "length": 1,
  Symbol(enzyme.__root__): [Circular],
  Symbol(enzyme.__unrendered__): <AnnouncementBanner
    actions={
      Object {
        "dismissBanner": [MockFunction],
      }
    }
    allowDismissal={true}
    bannerColor="#ddd"
    bannerDismissed={false}
    bannerEnabled={true}
    bannerText="Batter Text"
    bannerTextColor="#fff"
  />,
  Symbol(enzyme.__renderer__): Object {
    "batchedUpdates": [Function],
    "getNode": [Function],
    "render": [Function],
    "simulateEvent": [Function],
    "unmount": [Function],
  },
  Symbol(enzyme.__node__): Object {
    "instance": null,
    "key": undefined,
    "nodeType": "class",
    "props": Object {
      "children": <TouchableOpacity
        activeOpacity={0.2}
        onPress={[Function]}
        style={
          Object {
            "alignItems": "center",
            "flex": 1,
            "flexDirection": "row",
          }
        }
      >
        <Text
          accessible={true}
          allowFontScaling={true}
          ellipsizeMode="tail"
          numberOfLines={1}
          style={
            Array [
              Object {
                "flex": 1,
                "fontSize": 14,
                "marginRight": 5,
              },
              Object {
                "color": "#fff",
              },
            ]
          }
        >
          Batter Text
        </Text>
        <Icon
          allowFontScaling={false}
          color="#fff"
          name="info"
          size={16}
        />
      </TouchableOpacity>,
      "style": Array [
        Object {
          "overflow": "hidden",
          "paddingHorizontal": 10,
          "position": "absolute",
          "top": 0,
          "width": "100%",
        },
        Object {
          "backgroundColor": "#ddd",
          "height": 0,
        },
      ],
    },
    "ref": null,
    "rendered": Object {
      "instance": null,
      "key": undefined,
      "nodeType": "class",
      "props": Object {
        "activeOpacity": 0.2,
        "children": Array [
          <Text
            accessible={true}
            allowFontScaling={true}
            ellipsizeMode="tail"
            numberOfLines={1}
            style={
              Array [
                Object {
                  "flex": 1,
                  "fontSize": 14,
                  "marginRight": 5,
                },
                Object {
                  "color": "#fff",
                },
              ]
            }
          >
            Batter Text
          </Text>,
          <Icon
            allowFontScaling={false}
            color="#fff"
            name="info"
            size={16}
          />,
        ],
        "onPress": [Function],
        "style": Object {
          "alignItems": "center",
          "flex": 1,
          "flexDirection": "row",
        },
      },
      "ref": null,
      "rendered": Array [
        Object {
          "instance": null,
          "key": undefined,
          "nodeType": "class",
          "props": Object {
            "accessible": true,
            "allowFontScaling": true,
            "children": "Batter Text",
            "ellipsizeMode": "tail",
            "numberOfLines": 1,
            "style": Array [
              Object {
                "flex": 1,
                "fontSize": 14,
                "marginRight": 5,
              },
              Object {
                "color": "#fff",
              },
            ],
          },
          "ref": null,
          "rendered": "Batter Text",
          "type": [Function],
        },
        Object {
          "instance": null,
          "key": undefined,
          "nodeType": "class",
          "props": Object {
            "allowFontScaling": false,
            "color": "#fff",
            "name": "info",
            "size": 16,
          },
          "ref": null,
          "rendered": null,
          "type": [Function],
        },
      ],
      "type": [Function],
    },
    "type": [Function],
  },
  Symbol(enzyme.__nodes__): Array [
    Object {
      "instance": null,
      "key": undefined,
      "nodeType": "class",
      "props": Object {
        "children": <TouchableOpacity
          activeOpacity={0.2}
          onPress={[Function]}
          style={
            Object {
              "alignItems": "center",
              "flex": 1,
              "flexDirection": "row",
            }
          }
        >
          <Text
            accessible={true}
            allowFontScaling={true}
            ellipsizeMode="tail"
            numberOfLines={1}
            style={
              Array [
                Object {
                  "flex": 1,
                  "fontSize": 14,
                  "marginRight": 5,
                },
                Object {
                  "color": "#fff",
                },
              ]
            }
          >
            Batter Text
          </Text>
          <Icon
            allowFontScaling={false}
            color="#fff"
            name="info"
            size={16}
          />
        </TouchableOpacity>,
        "style": Array [
          Object {
            "overflow": "hidden",
            "paddingHorizontal": 10,
            "position": "absolute",
            "top": 0,
            "width": "100%",
          },
          Object {
            "backgroundColor": "#ddd",
            "height": 0,
          },
        ],
      },
      "ref": null,
      "rendered": Object {
        "instance": null,
        "key": undefined,
        "nodeType": "class",
        "props": Object {
          "activeOpacity": 0.2,
          "children": Array [
            <Text
              accessible={true}
              allowFontScaling={true}
              ellipsizeMode="tail"
              numberOfLines={1}
              style={
                Array [
                  Object {
                    "flex": 1,
                    "fontSize": 14,
                    "marginRight": 5,
                  },
                  Object {
                    "color": "#fff",
                  },
                ]
              }
            >
              Batter Text
            </Text>,
            <Icon
              allowFontScaling={false}
              color="#fff"
              name="info"
              size={16}
            />,
          ],
          "onPress": [Function],
          "style": Object {
            "alignItems": "center",
            "flex": 1,
            "flexDirection": "row",
          },
        },
        "ref": null,
        "rendered": Array [
          Object {
            "instance": null,
            "key": undefined,
            "nodeType": "class",
            "props": Object {
              "accessible": true,
              "allowFontScaling": true,
              "children": "Batter Text",
              "ellipsizeMode": "tail",
              "numberOfLines": 1,
              "style": Array [
                Object {
                  "flex": 1,
                  "fontSize": 14,
                  "marginRight": 5,
                },
                Object {
                  "color": "#fff",
                },
              ],
            },
            "ref": null,
            "rendered": "Batter Text",
            "type": [Function],
          },
          Object {
            "instance": null,
            "key": undefined,
            "nodeType": "class",
            "props": Object {
              "allowFontScaling": false,
              "color": "#fff",
              "name": "info",
              "size": 16,
            },
            "ref": null,
            "rendered": null,
            "type": [Function],
          },
        ],
        "type": [Function],
      },
      "type": [Function],
    },
  ],
  Symbol(enzyme.__options__): Object {
    "adapter": ReactSixteenAdapter {
      "options": Object {
        "enableComponentDidUpdateOnSetState": true,
      },
    },
  },
}
`;
